// Jest Snapshot v1, https://goo.gl/fbAQLP

exports[`config/templates/Notice should render with default type 1`] = `
<div
  class="ui-lib-viewport ui-lib-viewport_lg"
>
  <div
    class="notice-container"
  >
    <div
      class="container"
    >
      <div
        class="ui-lib-notice"
      >
        <svg
          class="ui-lib-notice__icon"
          data-key=""
          height="24"
          tabindex="0"
          version="1.1"
          viewBox="0 0 24 24"
          width="24"
          xmlns="http://www.w3.org/2000/svg"
        >
          <title />
          <g>
            <path
              d="M13.5,17.25c-1.241,0-2.25-1.009-2.25-2.25v-3.75H10.5c-0.414,0-0.75-0.336-0.75-0.75s0.336-0.75,0.75-0.75h0.75 c0.827,0,1.5,0.673,1.5,1.5V15c0,0.414,0.336,0.75,0.75,0.75h0.75c0.414,0,0.75,0.336,0.75,0.75s-0.336,0.75-0.75,0.75H13.5z"
            />
            <circle
              cx="11.625"
              cy="7.125"
              r="1.125"
            />
            <path
              d="M12,24C5.383,24,0,18.617,0,12C0,5.383,5.383,0,12,0c6.617,0,12,5.383,12,12C24,18.617,18.617,24,12,24z M12,1.5 C6.21,1.5,1.5,6.21,1.5,12c0,5.79,4.71,10.5,10.5,10.5c5.79,0,10.5-4.71,10.5-10.5C22.5,6.21,17.79,1.5,12,1.5z"
            />
          </g>
        </svg>
        <h2
          class="ui-lib-notice__title"
        >
          title
        </h2>
        <div
          class="ui-lib-notice__subtitles"
        >
          <div
            class="ui-lib-notice__subtitles-item"
          >
            <span>
              label
            </span>
            <span
              class="ui-lib-notice__subtitles-item-value"
            >
              value
            </span>
          </div>
        </div>
        <div
          class="ui-lib-notice__content"
        >
          <div>
            content
          </div>
        </div>
        <div
          class="ui-lib-notice__buttons-container"
        >
          <button
            aria-label="button-primary"
            class="ui-lib-button qa-button ui-lib-button_primary ui-lib-button_default ui-lib-button_icon-end"
            type="button"
          >
            Label 1
          </button>
          <button
            aria-label="button-secondary"
            class="ui-lib-button qa-button ui-lib-button_primary ui-lib-button_default ui-lib-button_icon-end"
            type="button"
          >
            Label 2
          </button>
          <button
            aria-label="button-teritiary"
            class="ui-lib-button qa-button ui-lib-button_primary ui-lib-button_default ui-lib-button_icon-end"
            type="button"
          >
            Label 2
          </button>
        </div>
      </div>
      <div
        class="marginTop"
      />
      <div
        class="notice-container__dropdown align-center"
      />
      <div
        style="height: 100px;"
      />
    </div>
  </div>
</div>
`;
