// Jest Snapshot v1, https://goo.gl/fbAQLP

exports[`Components/FormGroup should properly render FormGroup without wide 1`] = `
<div>
  <div
    class="ui-lib-viewport ui-lib-viewport_lg"
  >
    <div
      class="ui-lib-accordion-item"
      data-no-side-paddings="false"
      data-ui-type="default"
    >
      <button
        class="ui-lib-accordion-item__head"
        type="button"
      >
        <div
          class="ui-lib-accordion-item__head-title"
          data-bold="true"
          data-wide="true"
        />
        <div
          class="ui-lib-accordion-item__head-indicator-wrapper"
        >
          <svg
            class="ui-lib-accordion-item__head-indicator ui-lib-icon"
            data-key=""
            height="24"
            tabindex="0"
            version="1.1"
            viewBox="0 0 24 24"
            width="24"
            xmlns="http://www.w3.org/2000/svg"
          >
            <title />
            <path
              d="M0,12a1.5,1.5,0,0,0,1.5,1.5h8.75a.25.25,0,0,1,.25.25V22.5a1.5,1.5,0,0,0,3,0V13.75a.25.25,0,0,1,.25-.25H22.5a1.5,1.5,0,0,0,0-3H13.75a.25.25,0,0,1-.25-.25V1.5a1.5,1.5,0,0,0-3,0v8.75a.25.25,0,0,1-.25.25H1.5A1.5,1.5,0,0,0,0,12Z"
            />
          </svg>
        </div>
      </button>
      <div
        class="ui-lib-accordion-item__body"
        data-expanded="false"
        style="max-height: 0; overflow: hidden;"
      >
        <div
          class="ui-lib-accordion-item__body-content"
        >
          <div>
            <a>
               
            </a>
          </div>
        </div>
      </div>
    </div>
  </div>
</div>
`;
