// Jest Snapshot v1, https://goo.gl/fbAQLP

exports[`client/templates/Sidebar should render the loading template 1`] = `
<div
  className="loadingOverlay"
  style={
    Object {
      "alignItems": "center",
      "background": "rgba(255, 255, 255, 0.7)",
      "display": "flex",
      "height": "100%",
      "justifyContent": "center",
      "left": 0,
      "overflow": "hidden",
      "position": "fixed",
      "top": 0,
      "width": "100%",
      "zIndex": 5,
    }
  }
>
  <Spinner
    type="logo"
  />
</div>
`;
