// Jest Snapshot v1, https://goo.gl/fbAQLP

exports[`config/templates/Submitted renders page 1`] = `
<div
  class="ui-lib-viewport ui-lib-viewport_lg"
>
  <div
    class="container"
  >
    <div
      class="ui-lib-notice"
    >
      <svg
        class="ui-lib-notice__icon ui-lib-notice__icon_success ui-lib-icon"
        data-key=""
        height="24px"
        tabindex="0"
        version="1.1"
        viewBox="0 0 24 24"
        width="24px"
        xmlns="http://www.w3.org/2000/svg"
      >
        <title />
        <g
          fill="none"
          fill-rule="evenodd"
          stroke="none"
          stroke-width="1"
        >
          <g
            fill="#000000"
            transform="translate(-439.000000, -741.000000)"
          >
            <g
              transform="translate(439.000000, 741.000000)"
            >
              <path
                d="M12,-1.77635684e-15 C5.372583,-1.77635684e-15 0,5.372583 0,12 C0,18.627417 5.372583,24 12,24 C18.627417,24 24,18.627417 24,12 C23.9922852,5.37578119 18.6242188,0.0077147623 12,-1.77635684e-15 Z M18.927,8.2 L12.082,17.489 C11.9187536,17.7055896 11.6753283,17.8475051 11.4064219,17.8828578 C11.1375155,17.9182105 10.8656811,17.8440355 10.652,17.677 L5.764,13.769 C5.33266561,13.423822 5.26282203,12.7943344 5.608,12.363 C5.95317797,11.9316656 6.58266561,11.861822 7.014,12.207 L11.09,15.468 L17.317,7.017 C17.521192,6.71059002 17.8772511,6.54118265 18.2438115,6.57603752 C18.610372,6.61089239 18.9281223,6.84436978 19.0709064,7.18377241 C19.2136904,7.52317505 19.158405,7.91358568 18.927,8.2 Z"
              />
            </g>
          </g>
        </g>
      </svg>
      <h2
        class="ui-lib-notice__title"
      >
        goldenServices.subTitle.submitted
      </h2>
      <div
        class="ui-lib-notice__content"
      >
        <div>
          <p>
            goldenServices.subTitle.desc.submitted
          </p>
        </div>
      </div>
    </div>
  </div>
</div>
`;
