// Jest Snapshot v1, https://goo.gl/fbAQLP

exports[`consumer-good-prices/templates/Search renders with props 1`] = `
<div>
  <div
    class="ui-lib-viewport ui-lib-viewport_lg"
  >
    
  </div>
</div>
`;
