// Jest Snapshot v1, https://goo.gl/fbAQLP

exports[`Conditional Fields Component should successfully render 1`] = `null`;
